=== account repatch: launch attempt 1 2026-06-19T09:19:48Z ===
T=30d: 107 affected cells to repatch (of 181 total)
  [1/107] block 15,848,400    41s: acct_R=331,107
  [2/107] block 15,898,800    41s: acct_R=334,979
  [3/107] block 15,949,200    40s: acct_R=356,049
  [4/107] block 15,999,600    41s: acct_R=497,311
  [5/107] block 16,050,000    42s: acct_R=560,270
  [6/107] block 16,100,400    41s: acct_R=586,391
  [7/107] block 16,150,800    42s: acct_R=767,214
  [8/107] block 16,201,200    43s: acct_R=811,008
  [9/107] block 16,251,600    42s: acct_R=951,870
  [10/107] block 16,302,000    42s: acct_R=1,229,480
  [11/107] block 16,352,400    42s: acct_R=1,453,229
  [12/107] block 16,402,800    41s: acct_R=1,597,254
  [13/107] block 16,453,200    41s: acct_R=1,641,627
  [14/107] block 16,503,600    42s: acct_R=1,481,971
  [15/107] block 16,554,000    41s: acct_R=1,412,013
  [16/107] block 16,604,400    41s: acct_R=1,310,947
  [17/107] block 16,654,800    42s: acct_R=1,237,748
  [18/107] block 16,705,200    42s: acct_R=1,148,045
  [19/107] block 16,755,600    42s: acct_R=1,099,900
  [20/107] block 16,806,000    41s: acct_R=1,028,858
  [21/107] block 16,856,400    41s: acct_R=975,807
  [22/107] block 16,906,800    41s: acct_R=866,725
  [23/107] block 16,957,200    41s: acct_R=751,167
  [24/107] block 17,007,600    42s: acct_R=755,247
  [25/107] block 17,058,000    41s: acct_R=767,940
  [26/107] block 17,108,400    41s: acct_R=756,695
  [27/107] block 17,158,800    41s: acct_R=767,145
  [28/107] block 17,209,200    41s: acct_R=715,758
  [29/107] block 17,259,600    41s: acct_R=722,164
  [30/107] block 17,310,000    42s: acct_R=766,322
  [31/107] block 17,360,400    42s: acct_R=753,584
  [32/107] block 17,410,800    42s: acct_R=769,398
  [33/107] block 17,461,200    41s: acct_R=873,422
  [34/107] block 17,511,600    42s: acct_R=909,540
  [35/107] block 17,562,000    43s: acct_R=999,182
  [36/107] block 17,612,400    42s: acct_R=1,032,755
  [37/107] block 17,662,800    40s: acct_R=924,151
  [38/107] block 17,713,200    41s: acct_R=912,125
  [39/107] block 17,763,600    41s: acct_R=833,816
  [40/107] block 17,814,000    40s: acct_R=819,637
  [41/107] block 17,864,400    42s: acct_R=820,902
  [42/107] block 17,914,800    38s: acct_R=810,579
  [43/107] block 17,965,200    37s: acct_R=746,421
  [44/107] block 18,015,600    41s: acct_R=747,209
  [45/107] block 18,066,000    40s: acct_R=780,924
  [46/107] block 18,116,400    40s: acct_R=774,607
  [47/107] block 18,166,800    40s: acct_R=789,040
  [48/107] block 18,217,200    42s: acct_R=838,021
  [49/107] block 18,267,600    42s: acct_R=822,933
  [50/107] block 18,318,000    42s: acct_R=907,147
  [51/107] block 18,368,400    40s: acct_R=934,522
  [52/107] block 18,418,800    41s: acct_R=987,198
  [53/107] block 18,469,200    41s: acct_R=945,033
  [54/107] block 18,519,600    42s: acct_R=859,681
  [55/107] block 18,570,000    41s: acct_R=810,671
  [56/107] block 18,620,400    39s: acct_R=739,047
  [57/107] block 18,670,800    38s: acct_R=773,386
  [58/107] block 18,721,200    42s: acct_R=785,622
  [59/107] block 18,771,600    41s: acct_R=814,283
  [60/107] block 18,822,000    42s: acct_R=755,662
  [61/107] block 18,872,400    42s: acct_R=824,998
  [62/107] block 18,922,800    43s: acct_R=833,497
  [63/107] block 18,973,200    43s: acct_R=804,832
  [64/107] block 19,023,600    43s: acct_R=832,952
  [65/107] block 19,074,000    42s: acct_R=867,592
  [66/107] block 19,124,400    43s: acct_R=854,421
  [67/107] block 19,174,800    43s: acct_R=864,546
  [68/107] block 19,225,200    43s: acct_R=882,090
  [69/107] block 19,275,600    44s: acct_R=844,988
  [70/107] block 19,326,000    43s: acct_R=755,117
  [71/107] block 19,376,400    43s: acct_R=712,871
  [72/107] block 19,426,800    45s: acct_R=706,817
  [73/107] block 19,477,200    48s: acct_R=782,066
  [74/107] block 19,527,600    49s: acct_R=895,120
  [75/107] block 19,578,000    50s: acct_R=920,770
  [76/107] block 19,628,400    50s: acct_R=1,027,658
  [77/107] block 19,678,800    50s: acct_R=1,028,010
  [78/107] block 19,729,200    50s: acct_R=1,052,871
  [79/107] block 19,779,600    50s: acct_R=1,179,839
  [80/107] block 19,830,000    49s: acct_R=1,196,239
  [81/107] block 19,880,400    50s: acct_R=1,353,328
  [82/107] block 19,930,800    50s: acct_R=1,335,332
  [83/107] block 19,981,200    48s: acct_R=1,195,108
  [84/107] block 20,031,600    48s: acct_R=1,118,860
  [85/107] block 20,082,000    48s: acct_R=993,022
  [86/107] block 20,132,400    48s: acct_R=779,817
  [87/107] block 20,182,800    48s: acct_R=757,111
  [88/107] block 20,233,200    48s: acct_R=853,124
  [89/107] block 20,283,600    49s: acct_R=932,598
  [90/107] block 20,334,000    50s: acct_R=1,022,893
  [91/107] block 20,384,400    49s: acct_R=1,223,936
  [92/107] block 20,434,800    57s: acct_R=1,127,146
  [93/107] block 20,485,200    48s: acct_R=1,025,244
  [94/107] block 20,535,600    48s: acct_R=921,359
  [95/107] block 20,586,000    47s: acct_R=783,546
  [96/107] block 20,636,400    47s: acct_R=705,335
  [97/107] block 20,686,800    48s: acct_R=749,884
  [98/107] block 20,737,200    48s: acct_R=803,826
  [99/107] block 20,787,600    47s: acct_R=830,358
  [100/107] block 20,838,000    47s: acct_R=880,469
  [101/107] block 20,888,400    47s: acct_R=891,724
  [102/107] block 20,938,800    47s: acct_R=783,698
  [103/107] block 20,989,200    47s: acct_R=701,794
  [104/107] block 21,039,600    48s: acct_R=640,862
  [105/107] block 21,090,000    47s: acct_R=559,798
  [106/107] block 21,140,400    47s: acct_R=556,179
  [107/107] block 21,190,800    48s: acct_R=510,839
T=90d: 109 affected cells to repatch (of 173 total)
  [1/109] block 16,201,200   144s: acct_R=696,007
  [2/109] block 16,251,600   137s: acct_R=685,351
  [3/109] block 16,302,000   138s: acct_R=679,012
  [4/109] block 16,352,400   133s: acct_R=665,435
  [5/109] block 16,402,800   134s: acct_R=724,001
  [6/109] block 16,453,200   135s: acct_R=775,080
  [7/109] block 16,503,600   135s: acct_R=841,327
  [8/109] block 16,554,000   137s: acct_R=1,002,368
  [9/109] block 16,604,400   134s: acct_R=1,135,425
  [10/109] block 16,654,800   136s: acct_R=1,320,222
  [11/109] block 16,705,200   134s: acct_R=1,707,086
  [12/109] block 16,755,600   134s: acct_R=2,077,313
  [13/109] block 16,806,000   133s: acct_R=2,388,869
  [14/109] block 16,856,400   134s: acct_R=2,500,842
  [15/109] block 16,906,800   136s: acct_R=2,481,770
  [16/109] block 16,957,200   137s: acct_R=2,485,164
  [17/109] block 17,007,600   135s: acct_R=2,452,021
  [18/109] block 17,058,000   135s: acct_R=2,368,261
  [19/109] block 17,108,400   137s: acct_R=2,199,701
  [20/109] block 17,158,800   132s: acct_R=2,093,386
  [21/109] block 17,209,200   136s: acct_R=2,050,283
  [22/109] block 17,259,600   134s: acct_R=2,018,545
  [23/109] block 17,310,000   134s: acct_R=2,003,398
  [24/109] block 17,360,400   136s: acct_R=1,891,195
  [25/109] block 17,410,800   135s: acct_R=1,830,974
  [26/109] block 17,461,200   133s: acct_R=1,863,486
  [27/109] block 17,511,600   135s: acct_R=1,915,542
  [28/109] block 17,562,000   139s: acct_R=1,983,197
  [29/109] block 17,612,400   138s: acct_R=1,981,540
  [30/109] block 17,662,800   134s: acct_R=1,980,813
  [31/109] block 17,713,200   134s: acct_R=2,065,100
  [32/109] block 17,763,600   137s: acct_R=2,092,580
  [33/109] block 17,814,000   135s: acct_R=2,189,192
  [34/109] block 17,864,400   132s: acct_R=2,212,824
  [35/109] block 17,914,800   135s: acct_R=2,137,021
  [36/109] block 17,965,200   133s: acct_R=2,139,863
  [37/109] block 18,015,600   132s: acct_R=2,137,528
  [38/109] block 18,066,000   134s: acct_R=2,134,136
  [39/109] block 18,116,400   132s: acct_R=2,025,491
  [40/109] block 18,166,800   130s: acct_R=1,945,691
  [41/109] block 18,217,200   129s: acct_R=1,924,580
  [42/109] block 18,267,600   132s: acct_R=1,949,025
  [43/109] block 18,318,000   131s: acct_R=2,032,712
  [44/109] block 18,368,400   132s: acct_R=2,075,064
  [45/109] block 18,418,800   133s: acct_R=2,143,925
  [46/109] block 18,469,200   131s: acct_R=2,169,502
  [47/109] block 18,519,600   134s: acct_R=2,153,346
  [48/109] block 18,570,000   131s: acct_R=2,177,497
  [49/109] block 18,620,400   137s: acct_R=2,204,547
  [50/109] block 18,670,800   133s: acct_R=2,228,684
  [51/109] block 18,721,200   135s: acct_R=2,210,422
  [52/109] block 18,771,600   137s: acct_R=2,248,902
  [53/109] block 18,822,000   133s: acct_R=2,212,510
  [54/109] block 18,872,400   136s: acct_R=2,260,951
  [55/109] block 18,922,800   139s: acct_R=2,232,489
  [56/109] block 18,973,200   135s: acct_R=2,154,815
  [57/109] block 19,023,600   133s: acct_R=2,098,250
  [58/109] block 19,074,000   134s: acct_R=2,120,954
  [59/109] block 19,124,400   140s: acct_R=2,148,861
  [60/109] block 19,174,800   140s: acct_R=2,168,281
  [61/109] block 19,225,200   136s: acct_R=2,204,037
  [62/109] block 19,275,600   139s: acct_R=2,206,885
  [63/109] block 19,326,000   140s: acct_R=2,158,943
  [64/109] block 19,376,400   142s: acct_R=2,117,058
  [65/109] block 19,426,800   151s: acct_R=2,078,532
  [66/109] block 19,477,200   152s: acct_R=2,220,972
  [67/109] block 19,527,600   153s: acct_R=2,239,883
  [68/109] block 19,578,000   153s: acct_R=2,220,026
  [69/109] block 19,628,400   154s: acct_R=2,308,815
  [70/109] block 19,678,800   156s: acct_R=2,406,026
  [71/109] block 19,729,200   155s: acct_R=2,455,487
  [72/109] block 19,779,600   155s: acct_R=2,562,892
  [73/109] block 19,830,000   157s: acct_R=2,632,759
  [74/109] block 19,880,400   157s: acct_R=2,825,427
  [75/109] block 19,930,800   158s: acct_R=2,938,359
  [76/109] block 19,981,200   162s: acct_R=2,981,413
  [77/109] block 20,031,600   160s: acct_R=2,996,053
  [78/109] block 20,082,000   162s: acct_R=3,005,791
  [79/109] block 20,132,400   162s: acct_R=2,909,424
  [80/109] block 20,182,800   162s: acct_R=2,855,178
  [81/109] block 20,233,200   163s: acct_R=2,938,103
  [82/109] block 20,283,600   161s: acct_R=2,949,167
  [83/109] block 20,334,000   162s: acct_R=2,934,713
  [84/109] block 20,384,400   162s: acct_R=3,031,877
  [85/109] block 20,434,800   160s: acct_R=2,876,215
  [86/109] block 20,485,200   158s: acct_R=2,799,398
  [87/109] block 20,535,600   158s: acct_R=2,516,126
  [88/109] block 20,586,000   157s: acct_R=2,449,071
  [89/109] block 20,636,400   159s: acct_R=2,422,540
  [90/109] block 20,686,800   156s: acct_R=2,453,781
  [91/109] block 20,737,200   158s: acct_R=2,499,280
  [92/109] block 20,787,600   159s: acct_R=2,521,353
  [93/109] block 20,838,000   158s: acct_R=2,539,510
  [94/109] block 20,888,400   159s: acct_R=2,482,374
  [95/109] block 20,938,800   155s: acct_R=2,296,754
  [96/109] block 20,989,200   156s: acct_R=2,187,089
  [97/109] block 21,039,600   158s: acct_R=1,934,681
  [98/109] block 21,090,000   151s: acct_R=1,915,188
  [99/109] block 21,140,400   154s: acct_R=1,886,181
  [100/109] block 21,190,800   157s: acct_R=1,801,174
  [101/109] block 21,241,200   158s: acct_R=1,774,663
  [102/109] block 21,291,600   154s: acct_R=1,842,160
  [103/109] block 21,342,000   159s: acct_R=1,786,948
  [104/109] block 21,392,400   159s: acct_R=1,750,863
  [105/109] block 21,442,800   159s: acct_R=1,723,322
  [106/109] block 21,493,200   161s: acct_R=1,879,275
  [107/109] block 21,543,600   163s: acct_R=1,882,841
  [108/109] block 21,594,000   160s: acct_R=1,994,011
  [109/109] block 21,644,400   165s: acct_R=2,052,911
T=180d: 108 affected cells to repatch (of 160 total)
  [1/108] block 16,856,400   305s: acct_R=878,040
  [2/108] block 16,906,800   291s: acct_R=870,561
  [3/108] block 16,957,200   286s: acct_R=864,726
  [4/108] block 17,007,600   310s: acct_R=854,058
  [5/108] block 17,058,000   320s: acct_R=931,103
  [6/108] block 17,108,400   321s: acct_R=976,666
  [7/108] block 17,158,800   323s: acct_R=1,053,585
  [8/108] block 17,209,200   308s: acct_R=1,291,236
  [9/108] block 17,259,600   288s: acct_R=1,411,501
  [10/108] block 17,310,000   295s: acct_R=1,656,003
  [11/108] block 17,360,400   290s: acct_R=2,128,143
  [12/108] block 17,410,800   291s: acct_R=2,494,182
  [13/108] block 17,461,200   290s: acct_R=2,837,361
  [14/108] block 17,511,600   299s: acct_R=2,935,291
  [15/108] block 17,562,000   298s: acct_R=3,013,006
  [16/108] block 17,612,400   293s: acct_R=3,098,652
  [17/108] block 17,662,800   290s: acct_R=3,114,127
  [18/108] block 17,713,200   291s: acct_R=3,086,632
  [19/108] block 17,763,600   300s: acct_R=2,968,663
  [20/108] block 17,814,000   291s: acct_R=3,005,499
  [21/108] block 17,864,400   299s: acct_R=2,987,313
  [22/108] block 17,914,800   295s: acct_R=2,932,950
  [23/108] block 17,965,200   292s: acct_R=2,899,347
  [24/108] block 18,015,600   283s: acct_R=2,844,770
  [25/108] block 18,066,000   291s: acct_R=2,826,183
  [26/108] block 18,116,400   285s: acct_R=2,818,944
  [27/108] block 18,166,800   282s: acct_R=2,793,294
  [28/108] block 18,217,200   286s: acct_R=2,794,391
  [29/108] block 18,267,600   283s: acct_R=2,811,539
  [30/108] block 18,318,000   289s: acct_R=2,835,940
  [31/108] block 18,368,400   291s: acct_R=2,913,669
  [32/108] block 18,418,800   283s: acct_R=2,976,647
  [33/108] block 18,469,200   281s: acct_R=3,031,983
  [34/108] block 18,519,600   285s: acct_R=3,030,469
  [35/108] block 18,570,000   287s: acct_R=3,025,419
  [36/108] block 18,620,400   283s: acct_R=3,047,177
  [37/108] block 18,670,800   286s: acct_R=3,055,866
  [38/108] block 18,721,200   282s: acct_R=3,094,729
  [39/108] block 18,771,600   291s: acct_R=3,094,779
  [40/108] block 18,822,000   289s: acct_R=3,130,937
  [41/108] block 18,872,400   285s: acct_R=3,329,734
  [42/108] block 18,922,800   285s: acct_R=3,390,022
  [43/108] block 18,973,200   283s: acct_R=3,428,028
  [44/108] block 19,023,600   291s: acct_R=3,457,311
  [45/108] block 19,074,000   291s: acct_R=3,538,600
  [46/108] block 19,124,400   295s: acct_R=3,592,970
  [47/108] block 19,174,800   289s: acct_R=3,627,568
  [48/108] block 19,225,200   288s: acct_R=3,697,066
  [49/108] block 19,275,600   291s: acct_R=3,735,916
  [50/108] block 19,326,000   296s: acct_R=3,751,302
  [51/108] block 19,376,400   297s: acct_R=3,747,931
  [52/108] block 19,426,800   294s: acct_R=3,810,583
  [53/108] block 19,477,200   295s: acct_R=3,963,568
  [54/108] block 19,527,600   299s: acct_R=4,056,999
  [55/108] block 19,578,000   300s: acct_R=4,038,231
  [56/108] block 19,628,400   305s: acct_R=4,081,560
  [57/108] block 19,678,800   310s: acct_R=4,154,796
  [58/108] block 19,729,200   314s: acct_R=4,246,977
  [59/108] block 19,779,600   312s: acct_R=4,381,866
  [60/108] block 19,830,000   312s: acct_R=4,467,913
  [61/108] block 19,880,400   314s: acct_R=4,700,113
  [62/108] block 19,930,800   319s: acct_R=4,808,454
  [63/108] block 19,981,200   319s: acct_R=4,816,428
  [64/108] block 20,031,600   318s: acct_R=4,791,125
  [65/108] block 20,082,000   327s: acct_R=4,782,641
  [66/108] block 20,132,400   326s: acct_R=4,817,875
  [67/108] block 20,182,800   334s: acct_R=4,785,976
  [68/108] block 20,233,200   333s: acct_R=4,851,335
  [69/108] block 20,283,600   334s: acct_R=4,938,006
  [70/108] block 20,334,000   335s: acct_R=5,048,943
  [71/108] block 20,384,400   339s: acct_R=5,214,064
  [72/108] block 20,434,800   342s: acct_R=5,176,714
  [73/108] block 20,485,200   341s: acct_R=5,161,322
  [74/108] block 20,535,600   344s: acct_R=5,116,904
  [75/108] block 20,586,000   349s: acct_R=5,141,557
  [76/108] block 20,636,400   344s: acct_R=5,138,107
  [77/108] block 20,686,800   346s: acct_R=5,191,190
  [78/108] block 20,737,200   345s: acct_R=5,225,791
  [79/108] block 20,787,600   345s: acct_R=5,145,557
  [80/108] block 20,838,000   342s: acct_R=5,125,580
  [81/108] block 20,888,400   341s: acct_R=5,146,528
  [82/108] block 20,938,800   343s: acct_R=5,005,148
  [83/108] block 20,989,200   335s: acct_R=4,875,341
  [84/108] block 21,039,600   337s: acct_R=4,681,621
  [85/108] block 21,090,000   338s: acct_R=4,503,297
  [86/108] block 21,140,400   337s: acct_R=4,410,102
  [87/108] block 21,190,800   334s: acct_R=4,064,268
  [88/108] block 21,241,200   338s: acct_R=3,939,689
  [89/108] block 21,291,600   334s: acct_R=4,025,775
  [90/108] block 21,342,000   343s: acct_R=4,006,507
  [91/108] block 21,392,400   344s: acct_R=4,007,984
  [92/108] block 21,442,800   335s: acct_R=3,984,692
  [93/108] block 21,493,200   342s: acct_R=4,146,030
  [94/108] block 21,543,600   337s: acct_R=4,064,309
  [95/108] block 21,594,000   342s: acct_R=3,987,691
  [96/108] block 21,644,400   342s: acct_R=3,894,627
  [97/108] block 21,694,800   345s: acct_R=3,727,354
  [98/108] block 21,745,200   346s: acct_R=3,735,056
  [99/108] block 21,795,600   348s: acct_R=3,700,989
  [100/108] block 21,846,000   345s: acct_R=3,653,610
  [101/108] block 21,896,400   352s: acct_R=3,602,293
  [102/108] block 21,946,800   354s: acct_R=3,533,695
  [103/108] block 21,997,200   354s: acct_R=3,434,935
  [104/108] block 22,047,600   355s: acct_R=3,378,290
  [105/108] block 22,098,000   359s: acct_R=3,329,656
  [106/108] block 22,148,400   359s: acct_R=3,239,384
  [107/108] block 22,198,800   362s: acct_R=3,190,604
  [108/108] block 22,249,200   366s: acct_R=3,202,656
T=365d: 109 affected cells to repatch (of 134 total)
  [1/109] block 18,166,800   641s: acct_R=1,116,408
  [2/109] block 18,217,200   596s: acct_R=1,105,817
  [3/109] block 18,267,600   578s: acct_R=1,097,999
  [4/109] block 18,318,000   575s: acct_R=1,085,796
  [5/109] block 18,368,400   569s: acct_R=1,113,059
  [6/109] block 18,418,800   576s: acct_R=1,178,379
  [7/109] block 18,469,200   566s: acct_R=1,264,697
  [8/109] block 18,519,600   570s: acct_R=1,382,323
  [9/109] block 18,570,000   566s: acct_R=1,584,584
  [10/109] block 18,620,400   569s: acct_R=1,754,782
  [11/109] block 18,670,800   572s: acct_R=2,182,364
  [12/109] block 18,721,200   573s: acct_R=2,700,374
  [13/109] block 18,771,600   563s: acct_R=3,153,791
  [14/109] block 18,822,000   562s: acct_R=3,371,160
  [15/109] block 18,872,400   569s: acct_R=3,493,048
  [16/109] block 18,922,800   567s: acct_R=3,660,228
  [17/109] block 18,973,200   568s: acct_R=3,807,918
  [18/109] block 19,023,600   565s: acct_R=3,797,900
  [19/109] block 19,074,000   563s: acct_R=3,784,912
  [20/109] block 19,124,400   572s: acct_R=3,863,470
  [21/109] block 19,174,800   575s: acct_R=3,898,434
  [22/109] block 19,225,200   589s: acct_R=3,900,789
  [23/109] block 19,275,600   570s: acct_R=3,937,113
  [24/109] block 19,326,000   586s: acct_R=3,937,318
  [25/109] block 19,376,400   593s: acct_R=3,933,531
  [26/109] block 19,426,800   582s: acct_R=3,993,414
  [27/109] block 19,477,200   594s: acct_R=4,116,533
  [28/109] block 19,527,600   590s: acct_R=4,248,686
  [29/109] block 19,578,000   598s: acct_R=4,284,860
  [30/109] block 19,628,400   607s: acct_R=4,424,670
  [31/109] block 19,678,800   598s: acct_R=4,600,685
  [32/109] block 19,729,200   620s: acct_R=4,761,737
  [33/109] block 19,779,600   614s: acct_R=4,907,080
  [34/109] block 19,830,000   627s: acct_R=4,976,880
  [35/109] block 19,880,400   617s: acct_R=5,135,417
  [36/109] block 19,930,800   630s: acct_R=5,207,733
  [37/109] block 19,981,200   630s: acct_R=5,244,599
  [38/109] block 20,031,600   636s: acct_R=5,283,722
  [39/109] block 20,082,000   620s: acct_R=5,419,756
  [40/109] block 20,132,400   625s: acct_R=5,620,368
  [41/109] block 20,182,800   634s: acct_R=5,880,516
  [42/109] block 20,233,200   629s: acct_R=6,117,510
  [43/109] block 20,283,600   639s: acct_R=6,308,305
  [44/109] block 20,334,000   647s: acct_R=6,500,024
  [45/109] block 20,384,400   639s: acct_R=6,753,598
  [46/109] block 20,434,800   653s: acct_R=6,807,003
  [47/109] block 20,485,200   657s: acct_R=6,870,047
  [48/109] block 20,535,600   666s: acct_R=6,974,703
  [49/109] block 20,586,000   666s: acct_R=7,053,123
  [50/109] block 20,636,400   652s: acct_R=7,117,599
  [51/109] block 20,686,800   646s: acct_R=7,169,299
  [52/109] block 20,737,200   656s: acct_R=7,357,565
  [53/109] block 20,787,600   654s: acct_R=7,515,204
  [54/109] block 20,838,000   670s: acct_R=7,683,568
  [55/109] block 20,888,400   671s: acct_R=7,772,958
  [56/109] block 20,938,800   678s: acct_R=7,833,533
  [57/109] block 20,989,200   675s: acct_R=7,957,569
  [58/109] block 21,039,600   687s: acct_R=7,974,487
  [59/109] block 21,090,000   664s: acct_R=7,972,819
  [60/109] block 21,140,400   666s: acct_R=7,989,888
  [61/109] block 21,190,800   667s: acct_R=8,005,226
  [62/109] block 21,241,200   674s: acct_R=8,039,061
  [63/109] block 21,291,600   693s: acct_R=8,118,438
  [64/109] block 21,342,000   687s: acct_R=8,118,325
  [65/109] block 21,392,400   703s: acct_R=8,137,580
  [66/109] block 21,442,800   714s: acct_R=8,157,914
  [67/109] block 21,493,200   715s: acct_R=8,263,179
  [68/109] block 21,543,600   720s: acct_R=8,270,162
  [69/109] block 21,594,000   721s: acct_R=8,342,595
  [70/109] block 21,644,400   721s: acct_R=8,393,167
  [71/109] block 21,694,800   727s: acct_R=8,351,648
  [72/109] block 21,745,200   724s: acct_R=8,293,014
  [73/109] block 21,795,600   747s: acct_R=8,247,446
  [74/109] block 21,846,000   723s: acct_R=8,170,398
  [75/109] block 21,896,400   735s: acct_R=8,104,774
  [76/109] block 21,946,800   736s: acct_R=8,059,180
  [77/109] block 21,997,200   744s: acct_R=7,994,077
  [78/109] block 22,047,600   746s: acct_R=7,979,439
  [79/109] block 22,098,000   746s: acct_R=7,839,686
  [80/109] block 22,148,400   750s: acct_R=7,704,469
  [81/109] block 22,198,800   752s: acct_R=7,633,291
  [82/109] block 22,249,200   755s: acct_R=7,515,036
  [83/109] block 22,299,600   762s: acct_R=7,376,059
  [84/109] block 22,350,000   755s: acct_R=7,271,601
  [85/109] block 22,400,400   759s: acct_R=7,185,147
  [86/109] block 22,450,800   755s: acct_R=7,087,949
  [87/109] block 22,501,200   740s: acct_R=6,890,288
  [88/109] block 22,551,600   747s: acct_R=6,779,267
  [89/109] block 22,602,000   759s: acct_R=6,683,583
  [90/109] block 22,652,400   747s: acct_R=6,659,215
  [91/109] block 22,702,800   747s: acct_R=6,603,511
  [92/109] block 22,753,200   767s: acct_R=6,539,333
  [93/109] block 22,803,600   753s: acct_R=6,479,430
  [94/109] block 22,854,000   761s: acct_R=6,383,114
  [95/109] block 22,904,400   779s: acct_R=6,257,164
  [96/109] block 22,954,800   788s: acct_R=6,128,771
  [97/109] block 23,005,200   793s: acct_R=5,922,501
  [98/109] block 23,055,600   795s: acct_R=5,913,618
  [99/109] block 23,106,000   810s: acct_R=6,360,286
  [100/109] block 23,156,400   815s: acct_R=6,843,418
  [101/109] block 23,206,800   825s: acct_R=6,876,525
  [102/109] block 23,257,200   834s: acct_R=6,965,259
  [103/109] block 23,307,600   833s: acct_R=7,882,360
  [104/109] block 23,358,000   853s: acct_R=9,162,700
  [105/109] block 23,408,400   848s: acct_R=10,456,498
  [106/109] block 23,458,800   854s: acct_R=11,537,825
  [107/109] block 23,509,200   866s: acct_R=12,706,776
  [108/109] block 23,559,600   878s: acct_R=13,916,879
  [109/109] block 23,610,000   887s: acct_R=15,187,432

Done. checkpoint: /mnt/disk0/repos/xatu-analysis/state_access/data/v2/account_repatch_done.json
=== account repatch finished cleanly on attempt 1 ===
