=== canonical_execution_balance_diffs [23,200,000, 23,700,000] ===
  bucket 232: 26,241 blocks missing
  bucket 233: 98,360 blocks missing
  bucket 234: 98,847 blocks missing
  bucket 235: 99,185 blocks missing
  bucket 236: 63,844 blocks missing
  canonical_execution_balance_diffs: 386,477 blocks, 7,730 chunks
    [20/7730] blocks 23,273,657..23,273,712 +29,597; total 610,858
    [40/7730] blocks 23,274,779..23,274,829 +33,130; total 1,243,543
    [60/7730] blocks 23,275,869..23,275,924 +34,228; total 1,885,534
    [80/7730] blocks 23,276,978..23,277,032 +34,123; total 2,556,085
    [100/7730] blocks 23,278,062..23,278,116 +34,478; total 3,228,749
    [120/7730] blocks 23,279,101..23,279,153 +28,418; total 3,815,867
    [140/7730] blocks 23,280,145..23,280,195 +27,039; total 4,410,800
    [160/7730] blocks 23,281,187..23,281,239 +28,937; total 4,998,322
    [180/7730] blocks 23,282,237..23,282,287 +30,737; total 5,624,776
    [200/7730] blocks 23,283,275..23,283,328 +34,597; total 6,270,479
    [220/7730] blocks 23,284,313..23,284,364 +31,166; total 6,883,800
    [240/7730] blocks 23,285,361..23,285,411 +31,718; total 7,478,929
    [260/7730] blocks 23,286,390..23,286,441 +28,265; total 8,087,708
    [280/7730] blocks 23,287,408..23,287,460 +26,400; total 8,647,801
    [300/7730] blocks 23,288,434..23,288,487 +28,894; total 9,218,102
    [320/7730] blocks 23,289,463..23,289,513 +32,601; total 9,862,819
    [340/7730] blocks 23,290,494..23,290,543 +31,722; total 10,496,993
    [360/7730] blocks 23,291,520..23,291,573 +31,192; total 11,137,733
    [380/7730] blocks 23,292,552..23,292,601 +31,407; total 11,782,767
    [400/7730] blocks 23,293,576..23,293,625 +27,736; total 12,380,736
    [420/7730] blocks 23,294,597..23,294,647 +24,529; total 12,943,004
    [440/7730] blocks 23,295,622..23,295,671 +30,548; total 13,530,460
    [460/7730] blocks 23,296,640..23,296,692 +30,060; total 14,196,998
    [480/7730] blocks 23,297,662..23,297,712 +31,344; total 14,817,283
    [500/7730] blocks 23,298,683..23,298,733 +30,583; total 15,433,471
    [520/7730] blocks 23,299,704..23,299,753 +35,862; total 16,048,072
    [540/7730] blocks 23,300,725..23,300,774 +23,169; total 16,631,393
    [560/7730] blocks 23,301,739..23,301,788 +23,394; total 17,101,835
    [580/7730] blocks 23,302,755..23,302,804 +26,595; total 17,618,403
    [600/7730] blocks 23,303,778..23,303,827 +30,822; total 18,152,395
    [620/7730] blocks 23,304,797..23,304,847 +30,166; total 18,722,024
    [640/7730] blocks 23,305,820..23,305,870 +35,096; total 19,333,944
    [660/7730] blocks 23,306,843..23,306,894 +24,925; total 19,929,270
    [680/7730] blocks 23,307,856..23,307,906 +24,818; total 20,366,025
    [700/7730] blocks 23,308,876..23,308,926 +22,703; total 20,800,085
    [720/7730] blocks 23,309,886..23,309,936 +22,991; total 21,271,956
    [740/7730] blocks 23,310,908..23,310,961 +30,136; total 21,801,510
    [760/7730] blocks 23,311,933..23,311,983 +30,473; total 22,373,318
    [780/7730] blocks 23,312,956..23,313,005 +28,650; total 22,952,256
    [800/7730] blocks 23,313,974..23,314,025 +24,058; total 23,489,157
    [820/7730] blocks 23,314,984..23,315,034 +23,265; total 23,982,413
    [840/7730] blocks 23,316,002..23,316,053 +25,929; total 24,489,971
    [860/7730] blocks 23,317,023..23,317,073 +30,668; total 25,048,439
    [880/7730] blocks 23,318,036..23,318,087 +31,221; total 25,641,468
    [900/7730] blocks 23,319,055..23,319,105 +36,365; total 26,333,172
    [920/7730] blocks 23,320,079..23,320,128 +28,175; total 26,999,812
    [940/7730] blocks 23,321,099..23,321,149 +33,049; total 27,626,041
    [960/7730] blocks 23,322,112..23,322,162 +33,026; total 28,306,973
    [980/7730] blocks 23,323,129..23,323,179 +25,279; total 28,907,993
    [1000/7730] blocks 23,324,147..23,324,196 +29,938; total 29,459,041
    [1020/7730] blocks 23,325,171..23,325,221 +32,718; total 30,102,092
    [1040/7730] blocks 23,326,186..23,326,235 +31,220; total 30,744,304
    [1060/7730] blocks 23,327,201..23,327,251 +31,451; total 31,373,553
    [1080/7730] blocks 23,328,217..23,328,266 +33,392; total 32,033,419
    [1100/7730] blocks 23,329,236..23,329,285 +29,709; total 32,679,235
    [1120/7730] blocks 23,330,248..23,330,298 +32,709; total 33,261,465
    [1140/7730] blocks 23,331,266..23,331,315 +30,765; total 33,864,615
    [1160/7730] blocks 23,332,283..23,332,335 +32,583; total 34,505,476
    [1180/7730] blocks 23,333,304..23,333,356 +35,364; total 35,156,618
    [1200/7730] blocks 23,334,329..23,334,378 +31,767; total 35,857,751
    [1220/7730] blocks 23,335,350..23,335,402 +30,377; total 36,484,866
    [1240/7730] blocks 23,336,383..23,336,432 +35,052; total 37,166,113
    [1260/7730] blocks 23,337,389..23,337,438 +29,473; total 37,770,688
    [1280/7730] blocks 23,338,403..23,338,452 +31,379; total 38,385,540
    [1300/7730] blocks 23,339,424..23,339,473 +29,395; total 39,014,615
    [1320/7730] blocks 23,340,437..23,340,486 +34,767; total 39,666,210
    [1340/7730] blocks 23,341,446..23,341,495 +33,693; total 40,353,048
    [1360/7730] blocks 23,342,463..23,342,513 +32,446; total 40,994,611
    [1380/7730] blocks 23,343,475..23,343,525 +28,175; total 41,656,233
    [1400/7730] blocks 23,344,490..23,344,540 +28,415; total 42,316,149
    [1420/7730] blocks 23,345,507..23,345,556 +28,505; total 42,900,498
    [1440/7730] blocks 23,346,522..23,346,574 +33,787; total 43,559,559
    [1460/7730] blocks 23,347,543..23,347,594 +35,422; total 44,241,314
    [1480/7730] blocks 23,348,558..23,348,608 +32,859; total 44,924,026
    [1500/7730] blocks 23,349,572..23,349,621 +34,986; total 45,586,253
    [1520/7730] blocks 23,350,583..23,350,632 +29,700; total 46,238,567
    [1540/7730] blocks 23,351,605..23,351,654 +32,910; total 46,876,245
    [1560/7730] blocks 23,352,626..23,352,677 +32,799; total 47,484,760
    [1580/7730] blocks 23,353,645..23,353,695 +30,819; total 48,107,801
    [1600/7730] blocks 23,354,667..23,354,716 +31,857; total 48,738,698
    [1620/7730] blocks 23,355,685..23,355,734 +33,362; total 49,378,011
    [1640/7730] blocks 23,356,698..23,356,750 +29,812; total 50,015,283
    [1660/7730] blocks 23,357,711..23,357,760 +26,585; total 50,568,661
    [1680/7730] blocks 23,358,725..23,358,777 +25,187; total 51,097,887
    [1700/7730] blocks 23,359,743..23,359,794 +26,727; total 51,600,103
    [1720/7730] blocks 23,360,757..23,360,809 +32,708; total 52,174,317
    [1740/7730] blocks 23,361,771..23,361,822 +30,955; total 52,786,959
    [1760/7730] blocks 23,362,783..23,362,834 +30,365; total 53,419,546
    [1780/7730] blocks 23,363,807..23,363,857 +30,251; total 54,064,866
    [1800/7730] blocks 23,364,824..23,364,873 +26,480; total 54,620,868
    [1820/7730] blocks 23,365,835..23,365,885 +25,651; total 55,135,497
    [1840/7730] blocks 23,366,854..23,366,903 +26,919; total 55,666,505
    [1860/7730] blocks 23,367,860..23,367,911 +29,046; total 56,275,553
    [1880/7730] blocks 23,368,877..23,368,927 +35,917; total 56,978,434
    [1900/7730] blocks 23,369,883..23,369,936 +33,487; total 57,673,620
    [1920/7730] blocks 23,370,904..23,370,953 +36,365; total 58,338,847
    [1940/7730] blocks 23,371,919..23,371,969 +35,221; total 58,991,476
    [1960/7730] blocks 23,372,936..23,372,986 +33,354; total 59,672,433
    [1980/7730] blocks 23,373,954..23,374,005 +36,359; total 60,332,681
    [2000/7730] blocks 23,374,979..23,375,028 +35,978; total 61,032,234
    [2020/7730] blocks 23,376,003..23,376,053 +32,923; total 61,723,033
    [2040/7730] blocks 23,377,026..23,377,075 +31,777; total 62,403,707
    [2060/7730] blocks 23,378,049..23,378,102 +35,317; total 63,065,176
    [2080/7730] blocks 23,379,068..23,379,118 +32,789; total 63,706,070
    [2100/7730] blocks 23,380,086..23,380,135 +29,398; total 64,316,081
    [2120/7730] blocks 23,381,098..23,381,147 +30,525; total 64,882,698
    [2140/7730] blocks 23,382,116..23,382,166 +32,884; total 65,515,095
    [2160/7730] blocks 23,383,141..23,383,190 +32,057; total 66,178,084
    [2180/7730] blocks 23,384,159..23,384,208 +34,334; total 66,862,770
    [2200/7730] blocks 23,385,167..23,385,216 +33,211; total 67,492,193
    [2220/7730] blocks 23,386,173..23,386,224 +29,832; total 68,083,085
    [2240/7730] blocks 23,387,191..23,387,240 +28,503; total 68,689,514
    [2260/7730] blocks 23,388,204..23,388,254 +53,055; total 69,396,562
    [2280/7730] blocks 23,389,227..23,389,277 +44,314; total 70,102,790
    [2300/7730] blocks 23,390,234..23,390,283 +36,714; total 70,820,911
    [2320/7730] blocks 23,391,246..23,391,295 +31,479; total 71,510,345
    [2340/7730] blocks 23,392,257..23,392,307 +30,818; total 72,140,736
    [2360/7730] blocks 23,393,275..23,393,324 +34,770; total 72,771,030
    [2380/7730] blocks 23,394,283..23,394,333 +31,285; total 73,410,148
    [2400/7730] blocks 23,395,291..23,395,340 +33,243; total 74,039,699
    [2420/7730] blocks 23,396,300..23,396,349 +33,463; total 74,679,943
    [2440/7730] blocks 23,397,307..23,397,358 +30,941; total 75,311,191
    [2460/7730] blocks 23,398,319..23,398,369 +33,983; total 75,970,231
    [2480/7730] blocks 23,399,342..23,399,391 +34,118; total 76,610,464
    [2500/7730] blocks 23,400,359..23,400,408 +30,789; total 77,224,498
    [2520/7730] blocks 23,401,377..23,401,427 +31,366; total 77,868,887
    [2540/7730] blocks 23,402,393..23,402,442 +28,709; total 78,457,998
    [2560/7730] blocks 23,403,408..23,403,459 +29,166; total 79,036,610
    [2580/7730] blocks 23,404,425..23,404,475 +30,460; total 79,641,784
    [2600/7730] blocks 23,405,434..23,405,483 +31,404; total 80,251,844
    [2620/7730] blocks 23,406,454..23,406,503 +32,327; total 80,846,025
    [2640/7730] blocks 23,407,474..23,407,523 +25,223; total 81,434,786
    [2660/7730] blocks 23,408,486..23,408,536 +28,136; total 81,914,648
    [2680/7730] blocks 23,409,499..23,409,548 +22,955; total 82,411,589
    [2700/7730] blocks 23,410,508..23,410,558 +27,112; total 82,921,753
    [2720/7730] blocks 23,411,530..23,411,580 +27,605; total 83,440,878
    [2740/7730] blocks 23,412,545..23,412,594 +29,361; total 84,022,623
    [2760/7730] blocks 23,413,561..23,413,612 +26,628; total 84,583,648
    [2780/7730] blocks 23,414,579..23,414,629 +36,007; total 85,154,809
    [2800/7730] blocks 23,415,589..23,415,638 +25,763; total 85,710,067
    [2820/7730] blocks 23,416,597..23,416,646 +23,328; total 86,192,984
    [2840/7730] blocks 23,417,608..23,417,659 +28,684; total 86,764,923
    [2860/7730] blocks 23,418,626..23,418,677 +27,452; total 87,347,220
    [2880/7730] blocks 23,419,640..23,419,690 +32,002; total 87,971,819
    [2900/7730] blocks 23,420,650..23,420,699 +28,965; total 88,607,576
    [2920/7730] blocks 23,421,663..23,421,712 +32,178; total 89,238,407
    [2940/7730] blocks 23,422,679..23,422,728 +25,636; total 89,782,528
    [2960/7730] blocks 23,423,691..23,423,740 +25,551; total 90,336,037
    [2980/7730] blocks 23,424,701..23,424,752 +32,175; total 90,929,182
    [3000/7730] blocks 23,425,721..23,425,770 +34,754; total 91,615,221
    [3020/7730] blocks 23,426,735..23,426,785 +30,714; total 92,272,837
    [3040/7730] blocks 23,427,758..23,427,807 +30,410; total 92,898,773
    [3060/7730] blocks 23,428,768..23,428,817 +25,632; total 93,508,378
    [3080/7730] blocks 23,429,778..23,429,829 +27,312; total 94,078,994
    [3100/7730] blocks 23,430,793..23,430,842 +24,688; total 94,616,597
    [3120/7730] blocks 23,431,807..23,431,857 +30,284; total 95,159,266
    [3140/7730] blocks 23,432,815..23,432,864 +29,547; total 95,758,761
    [3160/7730] blocks 23,433,819..23,433,868 +30,061; total 96,374,079
    [3180/7730] blocks 23,434,828..23,434,877 +30,156; total 96,987,565
    [3200/7730] blocks 23,435,840..23,435,890 +30,509; total 97,590,753
    [3220/7730] blocks 23,436,848..23,436,897 +26,312; total 98,116,864
    [3240/7730] blocks 23,437,858..23,437,907 +25,932; total 98,644,333
    [3260/7730] blocks 23,438,868..23,438,917 +27,864; total 99,188,629
    [3280/7730] blocks 23,439,877..23,439,926 +30,481; total 99,769,787
    [3300/7730] blocks 23,440,885..23,440,936 +33,558; total 100,395,563
    [3320/7730] blocks 23,441,888..23,441,937 +31,242; total 101,031,896
    [3340/7730] blocks 23,442,892..23,442,941 +29,950; total 101,643,875
    [3360/7730] blocks 23,443,903..23,443,954 +25,415; total 102,195,947
    [3380/7730] blocks 23,444,911..23,444,962 +25,959; total 102,800,090
    [3400/7730] blocks 23,445,922..23,445,972 +28,330; total 103,348,410
    [3420/7730] blocks 23,446,930..23,446,979 +30,895; total 103,941,728
    [3440/7730] blocks 23,447,937..23,447,986 +33,370; total 104,560,247
    [3460/7730] blocks 23,448,946..23,448,996 +31,867; total 105,194,715
    [3480/7730] blocks 23,449,950..23,450,000 +27,231; total 105,797,351
    [3500/7730] blocks 23,450,961..23,451,010 +27,616; total 106,372,469
    [3520/7730] blocks 23,451,972..23,452,022 +21,883; total 106,873,521
    [3540/7730] blocks 23,452,982..23,453,031 +30,483; total 107,371,066
    [3560/7730] blocks 23,453,988..23,454,038 +30,095; total 107,915,857
    [3580/7730] blocks 23,454,996..23,455,046 +29,942; total 108,478,859
    [3600/7730] blocks 23,456,008..23,456,057 +27,474; total 109,083,360
    [3620/7730] blocks 23,457,017..23,457,066 +25,813; total 109,578,107
    [3640/7730] blocks 23,458,025..23,458,074 +23,028; total 110,075,692
    [3660/7730] blocks 23,459,037..23,459,086 +21,984; total 110,552,423
    [3680/7730] blocks 23,460,047..23,460,097 +27,194; total 111,044,674
    [3700/7730] blocks 23,461,059..23,461,110 +25,093; total 111,643,093
    [3720/7730] blocks 23,462,069..23,462,119 +28,172; total 112,226,106
    [3740/7730] blocks 23,463,085..23,463,134 +29,021; total 112,814,430
    [3760/7730] blocks 23,464,099..23,464,149 +22,803; total 113,346,100
    [3780/7730] blocks 23,465,105..23,465,154 +21,633; total 113,838,075
    [3800/7730] blocks 23,466,114..23,466,165 +22,725; total 114,316,096
    [3820/7730] blocks 23,467,127..23,467,177 +30,497; total 114,826,529
    [3840/7730] blocks 23,468,135..23,468,185 +30,490; total 115,439,002
    [3860/7730] blocks 23,469,142..23,469,192 +38,794; total 116,115,422
    [3880/7730] blocks 23,470,153..23,470,202 +33,138; total 116,868,029
    [3900/7730] blocks 23,471,168..23,471,217 +31,785; total 117,507,288
    [3920/7730] blocks 23,472,177..23,472,227 +27,416; total 118,098,362
    [3940/7730] blocks 23,473,185..23,473,234 +31,801; total 118,699,606
    [3960/7730] blocks 23,474,191..23,474,240 +30,836; total 119,303,290
    [3980/7730] blocks 23,475,198..23,475,247 +34,106; total 119,931,230
    [4000/7730] blocks 23,476,215..23,476,264 +33,456; total 120,582,186
    [4020/7730] blocks 23,477,225..23,477,275 +31,146; total 121,249,501
    [4040/7730] blocks 23,478,240..23,478,289 +32,019; total 121,901,765
    [4060/7730] blocks 23,479,250..23,479,301 +37,119; total 122,529,562
    [4080/7730] blocks 23,480,258..23,480,307 +28,019; total 123,118,902
    [4100/7730] blocks 23,481,270..23,481,319 +27,252; total 123,661,608
    [4120/7730] blocks 23,482,278..23,482,328 +30,029; total 124,235,761
    [4140/7730] blocks 23,483,291..23,483,340 +33,708; total 124,877,569
    [4160/7730] blocks 23,484,297..23,484,351 +35,049; total 125,567,881
    [4180/7730] blocks 23,485,364..23,485,413 +31,130; total 126,218,263
    [4200/7730] blocks 23,486,372..23,486,421 +27,674; total 126,917,552
    [4220/7730] blocks 23,487,375..23,487,426 +43,864; total 127,601,842
    [4240/7730] blocks 23,488,390..23,488,439 +30,585; total 128,477,949
    [4260/7730] blocks 23,489,394..23,489,443 +30,522; total 129,094,181
    [4280/7730] blocks 23,490,402..23,490,451 +33,444; total 129,691,644
    [4300/7730] blocks 23,491,407..23,491,456 +33,069; total 130,336,389
    [4320/7730] blocks 23,492,413..23,492,463 +30,445; total 130,966,775
    [4340/7730] blocks 23,493,430..23,493,480 +31,355; total 131,598,397
    [4360/7730] blocks 23,494,441..23,494,491 +26,399; total 132,172,912
    [4380/7730] blocks 23,495,452..23,495,502 +27,544; total 132,732,157
    [4400/7730] blocks 23,496,467..23,496,516 +31,145; total 133,303,656
    [4420/7730] blocks 23,497,482..23,497,531 +33,450; total 133,916,374
    [4440/7730] blocks 23,498,488..23,498,537 +32,517; total 134,558,817
    [4460/7730] blocks 23,499,495..23,499,544 +29,682; total 135,189,385
    [4480/7730] blocks 23,500,507..23,500,556 +28,701; total 135,779,963
    [4500/7730] blocks 23,501,509..23,501,559 +25,742; total 136,312,360
    [4520/7730] blocks 23,502,516..23,502,565 +24,371; total 136,796,215
    [4540/7730] blocks 23,503,528..23,503,578 +25,282; total 137,297,288
    [4560/7730] blocks 23,504,545..23,504,595 +28,735; total 137,823,349
    [4580/7730] blocks 23,505,563..23,505,612 +30,794; total 138,434,884
    [4600/7730] blocks 23,506,573..23,506,623 +31,422; total 138,998,896
    [4620/7730] blocks 23,507,588..23,507,637 +23,933; total 139,516,766
    [4640/7730] blocks 23,508,601..23,508,650 +24,417; total 140,021,276
    [4660/7730] blocks 23,509,606..23,509,655 +23,766; total 140,492,385
    [4680/7730] blocks 23,510,619..23,510,669 +25,653; total 140,994,451
    [4700/7730] blocks 23,511,626..23,511,675 +28,292; total 141,526,543
    [4720/7730] blocks 23,512,639..23,512,688 +28,991; total 142,113,081
    [4740/7730] blocks 23,513,645..23,513,697 +28,468; total 142,701,574
    [4760/7730] blocks 23,514,656..23,514,705 +21,776; total 143,230,904
    [4780/7730] blocks 23,515,660..23,515,709 +20,865; total 143,682,661
    [4800/7730] blocks 23,516,670..23,516,720 +32,896; total 144,137,367
    [4820/7730] blocks 23,517,677..23,517,726 +41,709; total 144,762,020
    [4840/7730] blocks 23,518,681..23,518,730 +29,539; total 145,398,134
    [4860/7730] blocks 23,519,686..23,519,735 +32,882; total 146,028,015
    [4880/7730] blocks 23,520,699..23,520,748 +31,651; total 146,695,922
    [4900/7730] blocks 23,521,713..23,521,762 +30,943; total 147,326,689
    [4920/7730] blocks 23,522,720..23,522,770 +31,905; total 147,908,541
    [4940/7730] blocks 23,523,729..23,523,778 +24,627; total 148,414,977
    [4960/7730] blocks 23,524,735..23,524,784 +29,844; total 148,965,042
    [4980/7730] blocks 23,525,745..23,525,795 +30,903; total 149,569,152
    [5000/7730] blocks 23,526,757..23,526,806 +34,521; total 150,216,940
    [5020/7730] blocks 23,527,766..23,527,816 +31,565; total 150,881,395
    [5040/7730] blocks 23,528,778..23,528,828 +27,154; total 151,501,374
    [5060/7730] blocks 23,529,792..23,529,841 +25,556; total 152,063,152
    [5080/7730] blocks 23,530,801..23,530,851 +28,265; total 152,580,537
    [5100/7730] blocks 23,531,808..23,531,857 +31,632; total 153,160,904
    [5120/7730] blocks 23,532,820..23,532,871 +30,653; total 153,780,706
    [5140/7730] blocks 23,533,828..23,533,877 +32,480; total 154,413,135
    [5160/7730] blocks 23,534,832..23,534,883 +33,438; total 155,072,754
    [5180/7730] blocks 23,535,847..23,535,896 +33,146; total 155,703,041
    [5200/7730] blocks 23,536,854..23,536,903 +27,500; total 156,262,539
    [5220/7730] blocks 23,537,856..23,537,905 +22,937; total 156,786,681
    [5240/7730] blocks 23,538,865..23,538,914 +29,661; total 157,330,501
    [5260/7730] blocks 23,539,873..23,539,923 +31,439; total 157,946,580
    [5280/7730] blocks 23,540,881..23,540,930 +34,067; total 158,581,072
    [5300/7730] blocks 23,541,889..23,541,938 +31,521; total 159,236,477
    [5320/7730] blocks 23,542,897..23,542,946 +27,742; total 159,838,110
    [5340/7730] blocks 23,543,910..23,543,961 +28,012; total 160,397,554
    [5360/7730] blocks 23,544,922..23,544,971 +26,499; total 160,963,367
    [5380/7730] blocks 23,545,930..23,545,979 +28,400; total 161,513,743
    [5400/7730] blocks 23,546,941..23,546,991 +29,976; total 162,121,912
    [5420/7730] blocks 23,547,954..23,548,003 +31,865; total 162,770,228
    [5440/7730] blocks 23,548,960..23,549,009 +29,552; total 163,404,723
    [5460/7730] blocks 23,549,966..23,550,016 +18,761; total 163,985,944
    [5480/7730] blocks 23,550,972..23,551,021 +33,212; total 164,610,262
    [5500/7730] blocks 23,551,975..23,552,024 +30,801; total 165,238,118
    [5520/7730] blocks 23,552,980..23,553,029 +28,364; total 165,806,332
    [5540/7730] blocks 23,553,989..23,554,039 +29,133; total 166,390,372
    [5560/7730] blocks 23,555,000..23,555,049 +30,159; total 166,977,339
    [5580/7730] blocks 23,556,005..23,556,056 +34,693; total 167,593,237
    [5600/7730] blocks 23,557,009..23,557,058 +27,523; total 168,181,657
    [5620/7730] blocks 23,558,015..23,558,064 +26,030; total 168,740,162
    [5640/7730] blocks 23,559,017..23,559,066 +26,130; total 169,266,384
    [5660/7730] blocks 23,560,025..23,560,074 +30,296; total 169,783,211
    [5680/7730] blocks 23,561,038..23,561,088 +26,673; total 170,297,899
    [5700/7730] blocks 23,562,049..23,562,098 +30,059; total 170,858,732
    [5720/7730] blocks 23,563,054..23,563,103 +28,989; total 171,440,626
    [5740/7730] blocks 23,564,060..23,564,109 +30,564; total 172,055,225
    [5760/7730] blocks 23,565,066..23,565,115 +29,645; total 172,618,946
    [5780/7730] blocks 23,566,074..23,566,123 +24,290; total 173,158,803
    [5800/7730] blocks 23,567,081..23,567,130 +27,846; total 173,674,609
    [5820/7730] blocks 23,568,092..23,568,142 +30,924; total 174,273,834
    [5840/7730] blocks 23,569,100..23,569,149 +29,999; total 174,875,486
    [5860/7730] blocks 23,570,104..23,570,153 +30,705; total 175,490,904
    [5880/7730] blocks 23,571,118..23,571,168 +29,797; total 176,087,624
    [5900/7730] blocks 23,572,125..23,572,174 +27,417; total 176,704,420
    [5920/7730] blocks 23,573,134..23,573,183 +26,176; total 177,251,715
    [5940/7730] blocks 23,574,142..23,574,191 +25,491; total 177,754,710
    [5960/7730] blocks 23,575,149..23,575,199 +30,694; total 178,340,170
    [5980/7730] blocks 23,576,155..23,576,204 +29,295; total 178,917,814
    [6000/7730] blocks 23,577,160..23,577,209 +31,330; total 179,538,289
    [6020/7730] blocks 23,578,167..23,578,216 +29,652; total 180,144,786
    [6040/7730] blocks 23,579,172..23,579,221 +27,783; total 180,777,371
    [6060/7730] blocks 23,580,185..23,580,234 +26,027; total 181,328,676
    [6080/7730] blocks 23,581,190..23,581,239 +27,921; total 181,888,803
    [6100/7730] blocks 23,582,194..23,582,244 +33,187; total 182,531,680
    [6120/7730] blocks 23,583,204..23,583,254 +31,823; total 183,169,722
    [6140/7730] blocks 23,584,211..23,584,260 +31,036; total 183,821,943
    [6160/7730] blocks 23,585,213..23,585,262 +30,967; total 184,462,369
    [6180/7730] blocks 23,586,221..23,586,271 +26,503; total 185,030,270
    [6200/7730] blocks 23,587,228..23,587,278 +24,130; total 185,509,534
    [6220/7730] blocks 23,588,235..23,588,284 +22,947; total 185,987,675
    [6240/7730] blocks 23,589,246..23,589,295 +28,213; total 186,547,216
    [6260/7730] blocks 23,590,255..23,590,304 +29,880; total 187,130,595
    [6280/7730] blocks 23,591,259..23,591,308 +33,302; total 187,771,760
    [6300/7730] blocks 23,592,265..23,592,315 +30,349; total 188,425,205
    [6320/7730] blocks 23,593,276..23,593,325 +31,681; total 189,045,268
    [6340/7730] blocks 23,594,282..23,594,331 +26,060; total 189,578,984
    [6360/7730] blocks 23,595,288..23,595,338 +25,700; total 190,083,482
    [6380/7730] blocks 23,596,294..23,596,344 +31,539; total 190,676,058
    [6400/7730] blocks 23,597,298..23,597,347 +32,882; total 191,317,244
    [6420/7730] blocks 23,598,305..23,598,354 +32,533; total 191,996,354
    [6440/7730] blocks 23,599,312..23,599,362 +33,263; total 192,650,394
    [6460/7730] blocks 23,600,319..23,600,368 +25,751; total 193,277,961
    [6480/7730] blocks 23,601,325..23,601,374 +30,656; total 193,814,067
    [6500/7730] blocks 23,602,332..23,602,381 +24,199; total 194,355,334
    [6520/7730] blocks 23,603,338..23,603,387 +28,545; total 194,880,591
    [6540/7730] blocks 23,604,343..23,604,393 +25,907; total 195,394,617
    [6560/7730] blocks 23,605,352..23,605,402 +28,777; total 195,929,830
    [6580/7730] blocks 23,606,361..23,606,410 +24,038; total 196,461,257
    [6600/7730] blocks 23,607,371..23,607,422 +24,607; total 196,939,433
    [6620/7730] blocks 23,608,380..23,608,430 +21,210; total 197,356,855
    [6640/7730] blocks 23,609,392..23,609,442 +24,306; total 197,765,392
    [6660/7730] blocks 23,610,402..23,610,453 +21,453; total 198,193,121
    [6680/7730] blocks 23,611,411..23,611,461 +24,833; total 198,673,618
    [6700/7730] blocks 23,612,419..23,612,468 +32,421; total 199,231,279
    [6720/7730] blocks 23,613,425..23,613,474 +25,517; total 199,791,469
    [6740/7730] blocks 23,614,436..23,614,485 +23,744; total 200,321,049
    [6760/7730] blocks 23,615,441..23,615,491 +23,503; total 200,811,433
    [6780/7730] blocks 23,616,450..23,616,499 +26,080; total 201,287,510
    [6800/7730] blocks 23,617,454..23,617,503 +22,221; total 201,796,126
    [6820/7730] blocks 23,618,462..23,618,512 +31,514; total 202,351,774
    [6840/7730] blocks 23,619,469..23,619,520 +30,793; total 202,968,242
    [6860/7730] blocks 23,620,477..23,620,527 +28,204; total 203,571,183
    [6880/7730] blocks 23,621,487..23,621,536 +24,748; total 204,156,911
    [6900/7730] blocks 23,622,493..23,622,542 +29,651; total 204,703,407
    [6920/7730] blocks 23,623,502..23,623,551 +27,064; total 205,310,770
    [6940/7730] blocks 23,624,508..23,624,557 +27,259; total 205,854,353
    [6960/7730] blocks 23,625,515..23,625,564 +29,884; total 206,440,173
    [6980/7730] blocks 23,626,524..23,626,573 +30,050; total 207,052,537
    [7000/7730] blocks 23,627,527..23,627,576 +31,232; total 207,668,619
    [7020/7730] blocks 23,628,533..23,628,582 +25,554; total 208,284,071
    [7040/7730] blocks 23,629,538..23,629,587 +27,052; total 208,819,797
    [7060/7730] blocks 23,630,547..23,630,597 +27,893; total 209,373,960
    [7080/7730] blocks 23,631,555..23,631,604 +28,735; total 209,888,431
    [7100/7730] blocks 23,632,561..23,632,611 +27,664; total 210,472,451
    [7120/7730] blocks 23,633,568..23,633,617 +30,239; total 211,077,700
    [7140/7730] blocks 23,634,573..23,634,622 +34,516; total 211,714,846
    [7160/7730] blocks 23,635,586..23,635,636 +27,922; total 212,326,765
    [7180/7730] blocks 23,636,596..23,636,646 +24,899; total 212,871,255
    [7200/7730] blocks 23,637,619..23,637,668 +27,417; total 213,398,471
    [7220/7730] blocks 23,638,628..23,638,677 +28,899; total 213,942,684
    [7240/7730] blocks 23,639,636..23,639,685 +30,049; total 214,564,262
    [7260/7730] blocks 23,640,643..23,640,692 +31,644; total 215,172,236
    [7280/7730] blocks 23,641,648..23,641,698 +33,729; total 215,830,156
    [7300/7730] blocks 23,642,664..23,642,713 +34,102; total 216,474,972
    [7320/7730] blocks 23,643,673..23,643,722 +24,633; total 217,051,544
    [7340/7730] blocks 23,644,686..23,644,736 +25,314; total 217,591,881
    [7360/7730] blocks 23,645,695..23,645,744 +29,837; total 218,187,750
    [7380/7730] blocks 23,646,701..23,646,751 +29,332; total 218,774,902
    [7400/7730] blocks 23,647,709..23,647,758 +36,788; total 219,378,210
    [7420/7730] blocks 23,648,715..23,648,764 +28,702; total 220,027,829
    [7440/7730] blocks 23,649,719..23,649,768 +29,313; total 220,632,686
    [7460/7730] blocks 23,650,734..23,650,786 +24,907; total 221,170,765
    [7480/7730] blocks 23,651,745..23,651,794 +26,029; total 221,665,005
    [7500/7730] blocks 23,652,755..23,652,805 +22,078; total 222,106,344
    [7520/7730] blocks 23,653,767..23,653,816 +24,271; total 222,587,442
    [7540/7730] blocks 23,654,775..23,654,824 +29,848; total 223,123,757
    [7560/7730] blocks 23,655,780..23,655,830 +27,276; total 223,719,667
    [7580/7730] blocks 23,656,789..23,656,839 +26,806; total 224,266,745
    [7600/7730] blocks 23,657,798..23,657,847 +24,044; total 224,765,194
    [7620/7730] blocks 23,658,802..23,658,853 +23,500; total 225,232,734
    [7640/7730] blocks 23,659,813..23,659,862 +22,039; total 225,648,254
    [7660/7730] blocks 23,660,821..23,660,871 +27,182; total 226,120,216
    [7680/7730] blocks 23,661,830..23,661,879 +27,311; total 226,622,274
    [7700/7730] blocks 23,665,528..23,665,577 +25,929; total 227,162,297
    [7720/7730] blocks 23,666,528..23,666,577 +23,098; total 227,674,884
    [7730/7730] blocks 23,667,028..23,667,054 +15,577; total 227,927,099
  done: 227,927,099 rows inserted

=== canonical_execution_nonce_diffs [23,200,000, 23,700,000] ===
  bucket 232: 27,447 blocks missing
  bucket 233: 99,430 blocks missing
  bucket 234: 97,810 blocks missing
  bucket 235: 98,904 blocks missing
  bucket 236: 63,704 blocks missing
  canonical_execution_nonce_diffs: 387,295 blocks, 7,746 chunks
    [20/7746] blocks 23,273,479..23,273,528 +14,015; total 233,566
    [40/7746] blocks 23,274,482..23,274,531 +12,426; total 476,253
    [60/7746] blocks 23,275,482..23,275,531 +12,943; total 728,743
    [80/7746] blocks 23,276,484..23,276,533 +14,085; total 987,257
    [100/7746] blocks 23,277,485..23,277,534 +12,650; total 1,254,758
    [120/7746] blocks 23,278,487..23,278,536 +13,001; total 1,502,702
    [140/7746] blocks 23,279,489..23,279,538 +10,732; total 1,726,896
    [160/7746] blocks 23,280,489..23,280,538 +9,051; total 1,933,602
    [180/7746] blocks 23,281,489..23,281,538 +13,512; total 2,166,367
    [200/7746] blocks 23,282,490..23,282,539 +12,926; total 2,407,242
    [220/7746] blocks 23,283,490..23,283,539 +12,378; total 2,660,736
    [240/7746] blocks 23,284,490..23,284,539 +11,420; total 2,895,435
    [260/7746] blocks 23,285,490..23,285,539 +11,125; total 3,122,228
    [280/7746] blocks 23,286,492..23,286,541 +10,586; total 3,347,472
    [300/7746] blocks 23,287,492..23,287,541 +9,791; total 3,558,771
    [320/7746] blocks 23,288,492..23,288,541 +11,580; total 3,779,238
    [340/7746] blocks 23,289,493..23,289,542 +12,711; total 4,030,325
    [360/7746] blocks 23,290,493..23,290,542 +12,369; total 4,279,881
    [380/7746] blocks 23,291,494..23,291,543 +11,803; total 4,527,839
    [400/7746] blocks 23,292,496..23,292,545 +12,129; total 4,770,802
    [420/7746] blocks 23,293,497..23,293,546 +11,845; total 4,996,461
    [440/7746] blocks 23,294,498..23,294,547 +12,471; total 5,212,908
    [460/7746] blocks 23,295,499..23,295,548 +11,121; total 5,431,477
    [480/7746] blocks 23,296,500..23,296,549 +12,097; total 5,689,027
    [500/7746] blocks 23,297,501..23,297,550 +12,017; total 5,928,623
    [520/7746] blocks 23,298,502..23,298,551 +11,067; total 6,169,064
    [540/7746] blocks 23,299,503..23,299,552 +9,530; total 6,406,206
    [560/7746] blocks 23,300,503..23,300,552 +10,119; total 6,632,993
    [580/7746] blocks 23,301,503..23,301,552 +7,727; total 6,812,496
    [600/7746] blocks 23,302,504..23,302,553 +10,841; total 7,003,862
    [620/7746] blocks 23,303,504..23,303,553 +11,086; total 7,222,710
    [640/7746] blocks 23,304,504..23,304,553 +11,755; total 7,450,516
    [660/7746] blocks 23,305,504..23,305,553 +11,184; total 7,686,019
    [680/7746] blocks 23,306,504..23,306,553 +9,471; total 7,911,625
    [700/7746] blocks 23,307,505..23,307,554 +7,658; total 8,092,461
    [720/7746] blocks 23,308,507..23,308,556 +9,508; total 8,259,278
    [740/7746] blocks 23,309,507..23,309,556 +11,181; total 8,450,985
    [760/7746] blocks 23,310,507..23,310,556 +11,236; total 8,664,383
    [780/7746] blocks 23,311,507..23,311,556 +10,946; total 8,890,194
    [800/7746] blocks 23,312,507..23,312,556 +10,890; total 9,118,091
    [820/7746] blocks 23,313,508..23,313,557 +10,855; total 9,331,215
    [840/7746] blocks 23,314,508..23,314,557 +10,971; total 9,535,665
    [860/7746] blocks 23,315,510..23,315,559 +10,788; total 9,723,574
    [880/7746] blocks 23,316,510..23,316,559 +10,604; total 9,934,156
    [900/7746] blocks 23,317,510..23,317,559 +11,496; total 10,164,400
    [920/7746] blocks 23,318,510..23,318,559 +13,658; total 10,403,644
    [940/7746] blocks 23,319,510..23,319,559 +13,027; total 10,688,449
    [960/7746] blocks 23,320,511..23,320,560 +11,892; total 10,932,712
    [980/7746] blocks 23,321,511..23,321,560 +12,274; total 11,178,080
    [1000/7746] blocks 23,322,512..23,322,561 +11,562; total 11,416,094
    [1020/7746] blocks 23,323,512..23,323,561 +10,910; total 11,633,359
    [1040/7746] blocks 23,324,512..23,324,561 +13,239; total 11,864,139
    [1060/7746] blocks 23,325,513..23,325,562 +13,262; total 12,115,709
    [1080/7746] blocks 23,326,513..23,326,562 +12,566; total 12,366,264
    [1100/7746] blocks 23,327,513..23,327,562 +12,769; total 12,609,593
    [1120/7746] blocks 23,328,514..23,328,563 +12,894; total 12,861,338
    [1140/7746] blocks 23,329,514..23,329,563 +11,264; total 13,095,631
    [1160/7746] blocks 23,330,514..23,330,563 +11,763; total 13,326,231
    [1180/7746] blocks 23,331,514..23,331,563 +12,360; total 13,563,618
    [1200/7746] blocks 23,332,516..23,332,565 +12,812; total 13,811,269
    [1220/7746] blocks 23,333,516..23,333,565 +13,679; total 14,075,596
    [1240/7746] blocks 23,334,517..23,334,566 +12,291; total 14,337,923
    [1260/7746] blocks 23,335,517..23,335,566 +11,954; total 14,577,466
    [1280/7746] blocks 23,336,518..23,336,567 +12,770; total 14,822,270
    [1300/7746] blocks 23,337,518..23,337,567 +12,973; total 15,049,317
    [1320/7746] blocks 23,338,518..23,338,567 +11,015; total 15,286,042
    [1340/7746] blocks 23,339,518..23,339,568 +12,249; total 15,527,840
    [1360/7746] blocks 23,340,520..23,340,569 +13,675; total 15,784,205
    [1380/7746] blocks 23,341,521..23,341,570 +11,785; total 16,046,588
    [1400/7746] blocks 23,342,521..23,342,570 +12,890; total 16,289,397
    [1420/7746] blocks 23,343,523..23,343,572 +10,934; total 16,528,652
    [1440/7746] blocks 23,344,523..23,344,572 +11,161; total 16,773,560
    [1460/7746] blocks 23,345,525..23,345,574 +10,818; total 17,000,645
    [1480/7746] blocks 23,346,525..23,346,574 +12,919; total 17,254,569
    [1500/7746] blocks 23,347,528..23,347,577 +13,406; total 17,516,447
    [1520/7746] blocks 23,348,528..23,348,577 +12,220; total 17,779,299
    [1540/7746] blocks 23,349,528..23,349,577 +11,989; total 18,030,479
    [1560/7746] blocks 23,350,528..23,350,577 +11,641; total 18,275,689
    [1580/7746] blocks 23,351,529..23,351,578 +10,648; total 18,509,486
    [1600/7746] blocks 23,352,529..23,352,578 +11,235; total 18,736,981
    [1620/7746] blocks 23,353,530..23,353,579 +12,543; total 18,977,841
    [1640/7746] blocks 23,354,530..23,354,579 +12,142; total 19,216,765
    [1660/7746] blocks 23,355,530..23,355,579 +11,738; total 19,460,703
    [1680/7746] blocks 23,356,531..23,356,580 +11,079; total 19,705,051
    [1700/7746] blocks 23,357,531..23,357,580 +10,958; total 19,924,132
    [1720/7746] blocks 23,358,532..23,358,581 +10,516; total 20,137,553
    [1740/7746] blocks 23,359,532..23,359,581 +9,946; total 20,342,115
    [1760/7746] blocks 23,360,533..23,360,582 +12,584; total 20,568,321
    [1780/7746] blocks 23,361,535..23,361,584 +11,965; total 20,811,198
    [1800/7746] blocks 23,362,535..23,362,584 +12,587; total 21,049,301
    [1820/7746] blocks 23,363,535..23,363,584 +12,081; total 21,292,601
    [1840/7746] blocks 23,364,535..23,364,584 +10,566; total 21,521,280
    [1860/7746] blocks 23,365,536..23,365,585 +10,887; total 21,731,694
    [1880/7746] blocks 23,366,537..23,366,586 +10,309; total 21,939,773
    [1900/7746] blocks 23,367,538..23,367,587 +12,060; total 22,164,068
    [1920/7746] blocks 23,368,538..23,368,587 +14,491; total 22,422,934
    [1940/7746] blocks 23,369,538..23,369,587 +13,511; total 22,705,564
    [1960/7746] blocks 23,370,538..23,370,587 +12,749; total 22,972,673
    [1980/7746] blocks 23,371,538..23,371,587 +12,256; total 23,230,095
    [2000/7746] blocks 23,372,538..23,372,587 +11,912; total 23,473,632
    [2020/7746] blocks 23,373,539..23,373,588 +12,897; total 23,721,164
    [2040/7746] blocks 23,374,541..23,374,590 +13,848; total 23,986,980
    [2060/7746] blocks 23,375,542..23,375,591 +13,243; total 24,259,871
    [2080/7746] blocks 23,376,544..23,376,593 +12,941; total 24,523,387
    [2100/7746] blocks 23,377,545..23,377,594 +12,266; total 24,776,001
    [2120/7746] blocks 23,378,545..23,378,594 +11,016; total 25,018,198
    [2140/7746] blocks 23,379,546..23,379,595 +11,061; total 25,255,411
    [2160/7746] blocks 23,380,546..23,380,595 +11,719; total 25,481,857
    [2180/7746] blocks 23,381,547..23,381,596 +11,970; total 25,705,708
    [2200/7746] blocks 23,382,547..23,382,596 +12,514; total 25,958,435
    [2220/7746] blocks 23,383,549..23,383,598 +13,546; total 26,214,539
    [2240/7746] blocks 23,384,549..23,384,598 +12,197; total 26,473,219
    [2260/7746] blocks 23,385,549..23,385,598 +11,436; total 26,709,139
    [2280/7746] blocks 23,386,550..23,386,599 +11,454; total 26,946,837
    [2300/7746] blocks 23,387,550..23,387,599 +11,760; total 27,184,633
    [2320/7746] blocks 23,388,550..23,388,599 +14,471; total 27,465,111
    [2340/7746] blocks 23,389,552..23,389,601 +14,680; total 27,747,327
    [2360/7746] blocks 23,390,553..23,390,602 +14,513; total 28,034,696
    [2380/7746] blocks 23,391,634..23,391,684 +13,288; total 28,295,688
    [2400/7746] blocks 23,392,684..23,392,733 +11,864; total 28,546,284
    [2420/7746] blocks 23,393,684..23,393,733 +12,269; total 28,783,538
    [2440/7746] blocks 23,394,746..23,394,800 +12,569; total 29,019,645
    [2460/7746] blocks 23,395,837..23,395,889 +13,301; total 29,269,879
    [2480/7746] blocks 23,396,899..23,396,955 +12,016; total 29,523,453
    [2500/7746] blocks 23,397,959..23,398,010 +12,883; total 29,777,243
    [2520/7746] blocks 23,399,024..23,399,079 +11,747; total 30,021,210
    [2540/7746] blocks 23,400,075..23,400,128 +11,394; total 30,258,388
    [2560/7746] blocks 23,401,120..23,401,170 +14,831; total 30,499,577
    [2580/7746] blocks 23,402,168..23,402,219 +12,195; total 30,728,583
    [2600/7746] blocks 23,403,217..23,403,268 +10,868; total 30,950,075
    [2620/7746] blocks 23,404,271..23,404,321 +11,676; total 31,180,088
    [2640/7746] blocks 23,405,316..23,405,368 +11,587; total 31,416,774
    [2660/7746] blocks 23,406,357..23,406,411 +11,841; total 31,641,452
    [2680/7746] blocks 23,407,417..23,407,469 +11,247; total 31,870,062
    [2700/7746] blocks 23,408,458..23,408,508 +10,237; total 32,066,883
    [2720/7746] blocks 23,409,481..23,409,531 +9,585; total 32,273,667
    [2740/7746] blocks 23,410,511..23,410,561 +10,840; total 32,477,207
    [2760/7746] blocks 23,411,555..23,411,607 +10,858; total 32,688,348
    [2780/7746] blocks 23,412,589..23,412,638 +11,601; total 32,915,569
    [2800/7746] blocks 23,413,623..23,413,678 +10,700; total 33,135,960
    [2820/7746] blocks 23,414,656..23,414,707 +13,194; total 33,374,758
    [2840/7746] blocks 23,415,684..23,415,734 +9,238; total 33,581,936
    [2860/7746] blocks 23,416,708..23,416,758 +12,676; total 33,792,443
    [2880/7746] blocks 23,417,758..23,417,808 +10,988; total 34,021,736
    [2900/7746] blocks 23,418,804..23,418,855 +12,087; total 34,255,484
    [2920/7746] blocks 23,419,832..23,419,881 +12,366; total 34,507,358
    [2940/7746] blocks 23,420,851..23,420,903 +11,997; total 34,753,433
    [2960/7746] blocks 23,421,885..23,421,935 +31,228; total 35,021,767
    [2980/7746] blocks 23,422,916..23,422,967 +11,771; total 35,247,057
    [3000/7746] blocks 23,423,939..23,423,989 +12,071; total 35,471,698
    [3020/7746] blocks 23,424,965..23,425,019 +24,194; total 35,722,163
    [3040/7746] blocks 23,425,994..23,426,044 +12,781; total 35,991,994
    [3060/7746] blocks 23,427,021..23,427,072 +12,418; total 36,249,223
    [3080/7746] blocks 23,428,056..23,428,107 +11,405; total 36,490,211
    [3100/7746] blocks 23,429,078..23,429,128 +12,147; total 36,724,945
    [3120/7746] blocks 23,430,107..23,430,157 +10,590; total 36,951,143
    [3140/7746] blocks 23,431,123..23,431,174 +11,201; total 37,154,116
    [3160/7746] blocks 23,432,148..23,432,197 +12,532; total 37,379,655
    [3180/7746] blocks 23,433,159..23,433,208 +12,525; total 37,621,260
    [3200/7746] blocks 23,434,166..23,434,215 +11,823; total 37,862,585
    [3220/7746] blocks 23,435,185..23,435,234 +11,136; total 38,119,790
    [3240/7746] blocks 23,436,209..23,436,258 +10,012; total 38,342,190
    [3260/7746] blocks 23,437,222..23,437,273 +10,459; total 38,547,521
    [3280/7746] blocks 23,438,237..23,438,287 +10,461; total 38,757,739
    [3300/7746] blocks 23,439,256..23,439,305 +12,469; total 38,985,288
    [3320/7746] blocks 23,440,269..23,440,321 +12,785; total 39,222,796
    [3340/7746] blocks 23,441,284..23,441,333 +12,446; total 39,475,926
    [3360/7746] blocks 23,442,291..23,442,340 +12,333; total 39,722,533
    [3380/7746] blocks 23,443,309..23,443,359 +10,930; total 39,951,526
    [3400/7746] blocks 23,444,320..23,444,369 +11,035; total 40,169,147
    [3420/7746] blocks 23,445,335..23,445,384 +10,842; total 40,392,109
    [3440/7746] blocks 23,446,352..23,446,402 +11,544; total 40,620,303
    [3460/7746] blocks 23,447,366..23,447,416 +12,300; total 40,861,832
    [3480/7746] blocks 23,448,382..23,448,432 +12,515; total 41,112,503
    [3500/7746] blocks 23,449,390..23,449,439 +12,023; total 41,350,613
    [3520/7746] blocks 23,450,404..23,450,454 +10,293; total 41,577,968
    [3540/7746] blocks 23,451,419..23,451,468 +9,876; total 41,794,024
    [3560/7746] blocks 23,452,439..23,452,488 +9,175; total 41,981,928
    [3580/7746] blocks 23,453,458..23,453,507 +10,573; total 42,191,764
    [3600/7746] blocks 23,454,473..23,454,523 +11,269; total 42,400,144
    [3620/7746] blocks 23,455,488..23,455,538 +11,123; total 42,627,835
    [3640/7746] blocks 23,456,506..23,456,555 +9,232; total 42,839,154
    [3660/7746] blocks 23,457,519..23,457,568 +11,061; total 43,034,829
    [3680/7746] blocks 23,458,540..23,458,589 +11,326; total 43,238,138
    [3700/7746] blocks 23,459,555..23,459,605 +9,905; total 43,433,402
    [3720/7746] blocks 23,460,572..23,460,623 +11,459; total 43,653,701
    [3740/7746] blocks 23,461,591..23,461,641 +11,456; total 43,876,687
    [3760/7746] blocks 23,462,608..23,462,657 +11,755; total 44,111,221
    [3780/7746] blocks 23,463,630..23,463,680 +11,207; total 44,333,578
    [3800/7746] blocks 23,464,649..23,464,698 +11,524; total 44,510,843
    [3820/7746] blocks 23,465,657..23,465,706 +9,567; total 44,711,785
    [3840/7746] blocks 23,466,675..23,466,725 +9,404; total 44,897,188
    [3860/7746] blocks 23,467,689..23,467,739 +12,499; total 45,123,250
    [3880/7746] blocks 23,468,701..23,468,750 +12,954; total 45,377,694
    [3900/7746] blocks 23,469,712..23,469,761 +15,714; total 45,686,164
    [3920/7746] blocks 23,470,734..23,470,784 +12,458; total 45,963,484
    [3940/7746] blocks 23,471,751..23,471,802 +12,070; total 46,202,801
    [3960/7746] blocks 23,472,767..23,472,817 +11,895; total 46,433,973
    [3980/7746] blocks 23,473,782..23,473,832 +11,472; total 46,678,429
    [4000/7746] blocks 23,474,798..23,474,849 +12,931; total 46,923,234
    [4020/7746] blocks 23,475,825..23,475,877 +12,717; total 47,183,559
    [4040/7746] blocks 23,476,841..23,476,891 +13,458; total 47,453,019
    [4060/7746] blocks 23,477,868..23,477,919 +12,321; total 47,704,009
    [4080/7746] blocks 23,478,881..23,478,931 +10,281; total 47,941,669
    [4100/7746] blocks 23,479,902..23,479,952 +10,145; total 48,166,219
    [4120/7746] blocks 23,480,914..23,480,963 +10,321; total 48,387,501
    [4140/7746] blocks 23,481,933..23,481,983 +11,578; total 48,608,484
    [4160/7746] blocks 23,482,949..23,482,998 +12,609; total 48,850,267
    [4180/7746] blocks 23,483,966..23,484,016 +14,246; total 49,126,689
    [4200/7746] blocks 23,485,031..23,485,082 +12,627; total 49,388,929
    [4220/7746] blocks 23,486,053..23,486,104 +15,489; total 49,637,921
    [4240/7746] blocks 23,487,064..23,487,114 +12,364; total 49,892,432
    [4260/7746] blocks 23,488,082..23,488,133 +15,482; total 50,184,827
    [4280/7746] blocks 23,489,097..23,489,146 +12,541; total 50,445,397
    [4300/7746] blocks 23,490,108..23,490,157 +12,584; total 50,681,495
    [4320/7746] blocks 23,491,114..23,491,165 +12,163; total 50,936,707
    [4340/7746] blocks 23,492,129..23,492,178 +11,942; total 51,185,804
    [4360/7746] blocks 23,493,146..23,493,197 +9,498; total 51,421,053
    [4380/7746] blocks 23,494,165..23,494,215 +10,137; total 51,649,277
    [4400/7746] blocks 23,495,183..23,495,233 +10,260; total 51,871,145
    [4420/7746] blocks 23,496,201..23,496,251 +11,541; total 52,092,982
    [4440/7746] blocks 23,497,221..23,497,272 +11,887; total 52,330,746
    [4460/7746] blocks 23,498,240..23,498,289 +12,241; total 52,582,344
    [4480/7746] blocks 23,499,248..23,499,298 +12,642; total 52,830,179
    [4500/7746] blocks 23,500,266..23,500,315 +11,688; total 53,058,636
    [4520/7746] blocks 23,501,271..23,501,321 +11,908; total 53,274,042
    [4540/7746] blocks 23,502,280..23,502,329 +10,384; total 53,476,196
    [4560/7746] blocks 23,503,300..23,503,349 +9,734; total 53,680,788
    [4580/7746] blocks 23,504,323..23,504,374 +10,182; total 53,891,193
    [4600/7746] blocks 23,505,346..23,505,396 +11,482; total 54,124,033
    [4620/7746] blocks 23,506,363..23,506,413 +12,310; total 54,348,867
    [4640/7746] blocks 23,507,384..23,507,433 +10,496; total 54,571,431
    [4660/7746] blocks 23,508,404..23,508,453 +13,449; total 54,792,507
    [4680/7746] blocks 23,509,411..23,509,460 +9,810; total 54,984,121
    [4700/7746] blocks 23,510,427..23,510,476 +10,210; total 55,179,815
    [4720/7746] blocks 23,511,439..23,511,488 +12,192; total 55,387,306
    [4740/7746] blocks 23,512,450..23,512,499 +11,914; total 55,613,718
    [4760/7746] blocks 23,513,463..23,513,512 +11,041; total 55,842,200
    [4780/7746] blocks 23,514,477..23,514,526 +9,879; total 56,057,362
    [4800/7746] blocks 23,515,484..23,515,534 +7,744; total 56,248,262
    [4820/7746] blocks 23,516,496..23,516,546 +10,399; total 56,430,383
    [4840/7746] blocks 23,517,507..23,517,556 +13,894; total 56,667,454
    [4860/7746] blocks 23,518,516..23,518,566 +14,476; total 56,926,157
    [4880/7746] blocks 23,519,525..23,519,574 +12,272; total 57,169,333
    [4900/7746] blocks 23,520,539..23,520,590 +12,064; total 57,420,428
    [4920/7746] blocks 23,521,560..23,521,610 +12,051; total 57,662,709
    [4940/7746] blocks 23,522,573..23,522,622 +9,316; total 57,879,951
    [4960/7746] blocks 23,523,593..23,523,643 +10,045; total 58,088,719
    [4980/7746] blocks 23,524,604..23,524,655 +11,088; total 58,301,302
    [5000/7746] blocks 23,525,624..23,525,673 +12,005; total 58,538,381
    [5020/7746] blocks 23,526,638..23,526,687 +12,832; total 58,791,039
    [5040/7746] blocks 23,527,649..23,527,699 +12,088; total 59,046,722
    [5060/7746] blocks 23,528,664..23,528,714 +11,389; total 59,289,096
    [5080/7746] blocks 23,529,680..23,529,730 +10,864; total 59,508,301
    [5100/7746] blocks 23,530,692..23,530,742 +9,368; total 59,706,610
    [5120/7746] blocks 23,531,704..23,531,754 +11,481; total 59,929,301
    [5140/7746] blocks 23,532,724..23,532,774 +14,863; total 60,172,216
    [5160/7746] blocks 23,533,736..23,533,785 +12,579; total 60,418,233
    [5180/7746] blocks 23,534,742..23,534,792 +11,630; total 60,669,472
    [5200/7746] blocks 23,535,759..23,535,809 +10,966; total 60,915,934
    [5220/7746] blocks 23,536,771..23,536,820 +10,907; total 61,134,307
    [5240/7746] blocks 23,537,776..23,537,826 +11,102; total 61,346,731
    [5260/7746] blocks 23,538,791..23,538,840 +11,867; total 61,562,728
    [5280/7746] blocks 23,539,803..23,539,854 +13,123; total 61,802,054
    [5300/7746] blocks 23,540,814..23,540,864 +13,134; total 62,051,054
    [5320/7746] blocks 23,541,823..23,541,872 +12,126; total 62,303,306
    [5340/7746] blocks 23,542,833..23,542,882 +10,210; total 62,534,065
    [5360/7746] blocks 23,543,846..23,543,895 +11,182; total 62,745,758
    [5380/7746] blocks 23,544,863..23,544,913 +11,084; total 62,969,665
    [5400/7746] blocks 23,545,876..23,545,927 +10,955; total 63,190,038
    [5420/7746] blocks 23,546,892..23,546,942 +12,683; total 63,427,650
    [5440/7746] blocks 23,547,910..23,547,961 +12,589; total 63,680,282
    [5460/7746] blocks 23,548,921..23,548,970 +11,861; total 63,927,684
    [5480/7746] blocks 23,549,929..23,549,980 +5,555; total 64,156,258
    [5500/7746] blocks 23,550,941..23,550,990 +14,057; total 64,401,526
    [5520/7746] blocks 23,551,944..23,551,993 +11,576; total 64,650,998
    [5540/7746] blocks 23,552,950..23,553,000 +11,483; total 64,876,515
    [5560/7746] blocks 23,553,962..23,554,012 +12,068; total 65,108,433
    [5580/7746] blocks 23,554,974..23,555,024 +11,768; total 65,340,267
    [5600/7746] blocks 23,555,982..23,556,031 +12,456; total 65,579,517
    [5620/7746] blocks 23,556,986..23,557,035 +10,603; total 65,805,185
    [5640/7746] blocks 23,557,993..23,558,043 +10,798; total 66,015,923
    [5660/7746] blocks 23,558,997..23,559,046 +10,377; total 66,215,522
    [5680/7746] blocks 23,560,006..23,560,055 +11,197; total 66,415,260
    [5700/7746] blocks 23,561,024..23,561,074 +10,980; total 66,623,038
    [5720/7746] blocks 23,562,040..23,562,089 +12,140; total 66,875,062
    [5740/7746] blocks 23,563,047..23,563,096 +11,499; total 67,108,595
    [5760/7746] blocks 23,564,053..23,564,102 +11,338; total 67,343,124
    [5780/7746] blocks 23,565,059..23,565,108 +11,041; total 67,559,988
    [5800/7746] blocks 23,566,067..23,566,117 +9,963; total 67,770,167
    [5820/7746] blocks 23,567,077..23,567,128 +10,634; total 67,976,956
    [5840/7746] blocks 23,568,093..23,568,143 +11,715; total 68,211,923
    [5860/7746] blocks 23,569,101..23,569,150 +11,523; total 68,449,891
    [5880/7746] blocks 23,570,107..23,570,156 +11,881; total 68,690,762
    !! epo query failed (1/3): Code: 241. DB::Exception: Received from chi-clickhouse-raw-replicated-0-1:9000. DB::Exception: (total) memory limit exce; retry in 5s
    [5900/7746] blocks 23,571,121..23,571,171 +11,464; total 68,921,984
    [5920/7746] blocks 23,572,129..23,572,178 +11,048; total 69,153,835
    [5940/7746] blocks 23,573,140..23,573,189 +10,252; total 69,370,774
    [5960/7746] blocks 23,574,149..23,574,198 +10,092; total 69,599,471
    [5980/7746] blocks 23,575,157..23,575,207 +12,009; total 69,831,837
    [6000/7746] blocks 23,576,163..23,576,212 +11,876; total 70,062,483
    [6020/7746] blocks 23,577,168..23,577,217 +11,884; total 70,305,195
    [6040/7746] blocks 23,578,177..23,578,226 +11,507; total 70,539,111
    [6060/7746] blocks 23,579,184..23,579,233 +11,300; total 70,788,293
    [6080/7746] blocks 23,580,198..23,580,247 +11,024; total 71,026,090
    [6100/7746] blocks 23,581,204..23,581,253 +11,327; total 71,257,575
    [6120/7746] blocks 23,582,210..23,582,260 +12,407; total 71,514,529
    [6140/7746] blocks 23,583,223..23,583,272 +12,149; total 71,766,065
    [6160/7746] blocks 23,584,230..23,584,279 +12,071; total 72,020,472
    [6180/7746] blocks 23,585,233..23,585,282 +11,462; total 72,267,359
    [6200/7746] blocks 23,586,243..23,586,292 +17,876; total 72,534,824
    [6220/7746] blocks 23,587,249..23,587,300 +18,957; total 72,924,602
    [6240/7746] blocks 23,588,257..23,588,306 +17,411; total 73,306,227
    [6260/7746] blocks 23,589,271..23,589,320 +11,781; total 73,573,977
    [6280/7746] blocks 23,590,282..23,590,331 +12,065; total 73,829,951
    [6300/7746] blocks 23,591,286..23,591,335 +12,792; total 74,087,927
    [6320/7746] blocks 23,592,292..23,592,342 +11,867; total 74,341,002
    [6340/7746] blocks 23,593,306..23,593,356 +14,103; total 74,581,984
    [6360/7746] blocks 23,594,313..23,594,363 +16,856; total 74,928,800
    [6380/7746] blocks 23,595,323..23,595,373 +18,584; total 75,305,129
    [6400/7746] blocks 23,596,331..23,596,380 +13,040; total 75,568,112
    [6420/7746] blocks 23,597,335..23,597,385 +13,186; total 75,826,803
    [6440/7746] blocks 23,598,344..23,598,394 +12,617; total 76,098,108
    [6460/7746] blocks 23,599,354..23,599,404 +17,863; total 76,353,384
    [6480/7746] blocks 23,600,362..23,600,411 +17,993; total 76,652,635
    [6500/7746] blocks 23,601,368..23,601,417 +12,266; total 77,012,138
    [6520/7746] blocks 23,602,380..23,602,430 +9,598; total 77,235,508
    [6540/7746] blocks 23,603,389..23,603,438 +11,100; total 77,453,638
    [6560/7746] blocks 23,604,396..23,604,447 +11,167; total 77,735,004
    [6580/7746] blocks 23,605,406..23,605,456 +11,787; total 78,040,342
    [6600/7746] blocks 23,606,417..23,606,466 +21,314; total 78,409,412
    [6620/7746] blocks 23,607,431..23,607,481 +15,860; total 78,825,287
    [6640/7746] blocks 23,608,440..23,608,489 +15,811; total 79,223,869
    [6660/7746] blocks 23,609,454..23,609,503 +15,926; total 79,574,076
    [6680/7746] blocks 23,610,469..23,610,518 +9,700; total 79,871,141
    [6700/7746] blocks 23,611,478..23,611,527 +15,328; total 80,116,967
    [6720/7746] blocks 23,612,485..23,612,534 +12,441; total 80,403,212
    [6740/7746] blocks 23,613,494..23,613,543 +19,371; total 80,711,306
    [6760/7746] blocks 23,614,505..23,614,554 +10,661; total 80,948,872
    [6780/7746] blocks 23,615,511..23,615,562 +10,391; total 81,156,374
    [6800/7746] blocks 23,616,524..23,616,573 +10,516; total 81,358,348
    [6820/7746] blocks 23,617,531..23,617,581 +10,823; total 81,571,642
    [6840/7746] blocks 23,618,543..23,618,592 +11,470; total 81,802,894
    [6860/7746] blocks 23,619,552..23,619,602 +12,127; total 82,045,708
    [6880/7746] blocks 23,620,562..23,620,611 +13,162; total 82,282,898
    [6900/7746] blocks 23,621,572..23,621,621 +10,394; total 82,517,477
    [6920/7746] blocks 23,622,579..23,622,628 +11,111; total 82,751,515
    [6940/7746] blocks 23,623,592..23,623,642 +11,704; total 82,993,265
    [6960/7746] blocks 23,624,598..23,624,647 +11,028; total 83,213,432
    [6980/7746] blocks 23,625,610..23,625,661 +12,842; total 83,452,300
    [7000/7746] blocks 23,626,621..23,626,670 +11,641; total 83,695,000
    [7020/7746] blocks 23,627,624..23,627,674 +10,911; total 83,935,388
    [7040/7746] blocks 23,628,634..23,628,683 +9,972; total 84,167,633
    [7060/7746] blocks 23,629,640..23,629,689 +11,477; total 84,378,469
    [7080/7746] blocks 23,630,651..23,630,701 +10,879; total 84,608,576
    [7100/7746] blocks 23,631,662..23,631,713 +12,894; total 84,827,203
    [7120/7746] blocks 23,632,673..23,632,722 +11,258; total 85,061,111
    [7140/7746] blocks 23,633,679..23,633,728 +12,191; total 85,300,972
    [7160/7746] blocks 23,634,684..23,634,733 +11,858; total 85,550,885
    [7180/7746] blocks 23,635,702..23,635,751 +11,474; total 85,784,546
    [7200/7746] blocks 23,636,719..23,636,768 +10,548; total 86,001,164
    [7220/7746] blocks 23,637,738..23,637,787 +10,493; total 86,226,806
    [7240/7746] blocks 23,638,750..23,638,800 +11,905; total 86,450,487
    [7260/7746] blocks 23,639,761..23,639,810 +12,351; total 86,698,229
    [7280/7746] blocks 23,640,773..23,640,823 +13,199; total 86,940,460
    [7300/7746] blocks 23,641,781..23,641,830 +11,401; total 87,191,068
    [7320/7746] blocks 23,642,801..23,642,850 +12,727; total 87,436,329
    [7340/7746] blocks 23,643,813..23,643,863 +10,603; total 87,662,490
    [7360/7746] blocks 23,644,829..23,644,879 +13,021; total 87,886,078
    [7380/7746] blocks 23,645,839..23,645,889 +11,923; total 88,113,429
    [7400/7746] blocks 23,646,848..23,646,899 +11,429; total 88,345,668
    [7420/7746] blocks 23,647,859..23,647,908 +13,729; total 88,592,083
    [7440/7746] blocks 23,648,864..23,648,913 +12,153; total 88,845,711
    [7460/7746] blocks 23,649,875..23,649,924 +11,162; total 89,084,351
    [7480/7746] blocks 23,650,893..23,650,942 +12,494; total 89,311,175
    [7500/7746] blocks 23,651,903..23,651,952 +9,702; total 89,521,396
    [7520/7746] blocks 23,652,917..23,652,966 +9,678; total 89,714,647
    [7540/7746] blocks 23,653,930..23,653,981 +10,947; total 89,925,738
    [7560/7746] blocks 23,654,939..23,654,988 +11,993; total 90,147,913
    [7580/7746] blocks 23,655,952..23,656,001 +11,488; total 90,377,116
    [7600/7746] blocks 23,656,964..23,657,014 +10,645; total 90,603,252
    [7620/7746] blocks 23,657,972..23,658,021 +10,049; total 90,814,906
    [7640/7746] blocks 23,658,982..23,659,031 +9,486; total 91,021,148
    [7660/7746] blocks 23,659,992..23,660,041 +9,919; total 91,214,649
    [7680/7746] blocks 23,661,000..23,661,049 +17,322; total 91,430,069
    [7700/7746] blocks 23,662,012..23,662,061 +10,916; total 91,703,921
    [7720/7746] blocks 23,665,710..23,665,759 +13,931; total 92,000,911
    [7740/7746] blocks 23,666,710..23,666,759 +10,522; total 92,263,387
    [7746/7746] blocks 23,667,010..23,667,054 +10,101; total 92,326,299
  done: 92,326,299 rows inserted

