Anchor block: 24,870,000
Windows: [1, 7, 14, 30, 60, 90, 180, 365]

>>> slot: 8 windows already done, 0 to run

>>> account: 0 windows already done, 8 to run
  account W=  1d: querying...
  account W=  1d:  13983 rows,        855,361 total keys, 2 slices,    1.2s
  account W=  7d: querying...
  account W=  7d:  55504 rows,      4,888,854 total keys, 2 slices,    6.6s
  account W= 14d: querying...
  account W= 14d:  79145 rows,      8,399,673 total keys, 2 slices,   11.6s
  account W= 30d: querying...
  account W= 30d: 133630 rows,     17,195,192 total keys, 2 slices,   25.9s
  account W= 60d: querying...
  account W= 60d: 180806 rows,     31,473,524 total keys, 2 slices,   49.7s
  account W= 90d: querying...
  account W= 90d: 227818 rows,     46,844,192 total keys, 2 slices,   78.0s
  account W=180d: querying...
  account W=180d: 299478 rows,     80,346,508 total keys, 3 slices,  147.1s
  account W=365d: querying...
  account W=365d: 429153 rows,    120,854,610 total keys, 2 slices,  306.0s

>>> slot_typed: 8 windows already done, 0 to run

Done. Histograms at:
  /mnt/disk0/repos/xatu-analysis/state_access/data/v2/slot_histogram.parquet
  /mnt/disk0/repos/xatu-analysis/state_access/data/v2/account_histogram.parquet
  /mnt/disk0/repos/xatu-analysis/state_access/data/v2/slot_typed_histogram.parquet
